// Jest Snapshot v1, https://goo.gl/fbAQLP

exports[`Component <AddCategory /> should must show component correctly 1`] = `
<form
  onSubmit={[Function]}
>
  <p />
  <input
    onChange={[Function]}
    type="text"
    value=""
  />
</form>
`;
