// Jest Snapshot v1, https://goo.gl/fbAQLP

exports[`Component <GefItem /> should must show component correctly  1`] = `
<div
  className="card"
>
  <img
    alt="title gif"
    src="https://gif.com"
  />
  <p>
    title gif
  </p>
</div>
`;
