// Jest Snapshot v1, https://goo.gl/fbAQLP

exports[`Testing CounterApp should I must render the Counter component 1`] = `ShallowWrapper {}`;

exports[`Testing CounterApp should render Counter component 1`] = `ShallowWrapper {}`;
